--------------------------------------------------------------------------------
Release 14.7 Trace  (nt64)
Copyright (c) 1995-2013 Xilinx, Inc.  All rights reserved.

C:\Xilinx\14.7\ISE_DS\ISE\bin\nt64\unwrapped\trce.exe -intstyle ise -v 3 -s 5
-n 3 -fastpaths -xml ALU_8BITS.twx ALU_8BITS.ncd -o ALU_8BITS.twr ALU_8BITS.pcf

Design file:              ALU_8BITS.ncd
Physical constraint file: ALU_8BITS.pcf
Device,package,speed:     xc3s50,pq208,-5 (PRODUCTION 1.39 2013-10-13)
Report level:             verbose report

Environment Variable      Effect 
--------------------      ------ 
NONE                      No environment variables were set
--------------------------------------------------------------------------------

INFO:Timing:2698 - No timing constraints found, doing default enumeration.
INFO:Timing:3412 - To improve timing, see the Timing Closure User Guide (UG612).
INFO:Timing:2752 - To get complete path coverage, use the unconstrained paths 
   option. All paths that are not constrained will be reported in the 
   unconstrained paths section(s) of the report.
INFO:Timing:3339 - The clock-to-out numbers in this timing report are based on 
   a 50 Ohm transmission line loading model.  For the details of this model, 
   and for more information on accounting for different loading conditions, 
   please see the device datasheet.
INFO:Timing:3390 - This architecture does not support a default System Jitter 
   value, please add SYSTEM_JITTER constraint to the UCF to modify the Clock 
   Uncertainty calculation.
INFO:Timing:3389 - This architecture does not support 'Discrete Jitter' and 
   'Phase Error' calculations, these terms will be zero in the Clock 
   Uncertainty calculation.  Please make appropriate modification to 
   SYSTEM_JITTER to account for the unsupported Discrete Jitter and Phase 
   Error.



Data Sheet report:
-----------------
All values displayed in nanoseconds (ns)

Pad to Pad
---------------+---------------+---------+
Source Pad     |Destination Pad|  Delay  |
---------------+---------------+---------+
a_i<0>         |d_o<0>         |    9.666|
a_i<0>         |d_o<1>         |   10.391|
a_i<0>         |d_o<2>         |   10.404|
a_i<0>         |d_o<3>         |   10.185|
a_i<0>         |d_o<4>         |   10.456|
a_i<0>         |d_o<5>         |    9.500|
a_i<0>         |d_o<6>         |    9.684|
a_i<0>         |d_o<7>         |    9.742|
a_i<1>         |d_o<1>         |   10.403|
a_i<1>         |d_o<2>         |   10.802|
a_i<1>         |d_o<3>         |   10.583|
a_i<1>         |d_o<4>         |   10.854|
a_i<1>         |d_o<5>         |    9.898|
a_i<1>         |d_o<6>         |   10.082|
a_i<1>         |d_o<7>         |   10.140|
a_i<2>         |d_o<2>         |    9.542|
a_i<2>         |d_o<3>         |    9.862|
a_i<2>         |d_o<4>         |   10.330|
a_i<2>         |d_o<5>         |    9.374|
a_i<2>         |d_o<6>         |    9.558|
a_i<2>         |d_o<7>         |    9.616|
a_i<3>         |d_o<3>         |    9.276|
a_i<3>         |d_o<4>         |   10.130|
a_i<3>         |d_o<5>         |    9.174|
a_i<3>         |d_o<6>         |    9.358|
a_i<3>         |d_o<7>         |    9.416|
a_i<4>         |d_o<4>         |    9.502|
a_i<4>         |d_o<5>         |    9.085|
a_i<4>         |d_o<6>         |    9.466|
a_i<4>         |d_o<7>         |    9.524|
a_i<5>         |d_o<5>         |    8.470|
a_i<5>         |d_o<6>         |    9.237|
a_i<5>         |d_o<7>         |    9.295|
a_i<6>         |d_o<6>         |    8.402|
a_i<6>         |d_o<7>         |    8.999|
a_i<7>         |d_o<7>         |    8.507|
b_i<0>         |d_o<0>         |    9.306|
b_i<0>         |d_o<1>         |   10.031|
b_i<0>         |d_o<2>         |   10.044|
b_i<0>         |d_o<3>         |    9.825|
b_i<0>         |d_o<4>         |   10.096|
b_i<0>         |d_o<5>         |    9.140|
b_i<0>         |d_o<6>         |    9.324|
b_i<0>         |d_o<7>         |    9.382|
b_i<1>         |d_o<1>         |    9.856|
b_i<1>         |d_o<2>         |   10.255|
b_i<1>         |d_o<3>         |   10.036|
b_i<1>         |d_o<4>         |   10.307|
b_i<1>         |d_o<5>         |    9.351|
b_i<1>         |d_o<6>         |    9.535|
b_i<1>         |d_o<7>         |    9.593|
b_i<2>         |d_o<2>         |    9.112|
b_i<2>         |d_o<3>         |    9.432|
b_i<2>         |d_o<4>         |    9.900|
b_i<2>         |d_o<5>         |    8.944|
b_i<2>         |d_o<6>         |    9.128|
b_i<2>         |d_o<7>         |    9.186|
b_i<3>         |d_o<3>         |    9.124|
b_i<3>         |d_o<4>         |    9.978|
b_i<3>         |d_o<5>         |    9.022|
b_i<3>         |d_o<6>         |    9.206|
b_i<3>         |d_o<7>         |    9.264|
b_i<4>         |d_o<4>         |    8.978|
b_i<4>         |d_o<5>         |    8.561|
b_i<4>         |d_o<6>         |    8.942|
b_i<4>         |d_o<7>         |    9.000|
b_i<5>         |d_o<5>         |    8.160|
b_i<5>         |d_o<6>         |    8.927|
b_i<5>         |d_o<7>         |    8.985|
b_i<6>         |d_o<6>         |    7.895|
b_i<6>         |d_o<7>         |    8.492|
b_i<7>         |d_o<7>         |    8.304|
opcode_i<0>    |d_o<0>         |    8.419|
opcode_i<0>    |d_o<1>         |    8.231|
opcode_i<0>    |d_o<2>         |    8.144|
opcode_i<0>    |d_o<3>         |    8.144|
opcode_i<0>    |d_o<4>         |    7.993|
opcode_i<0>    |d_o<5>         |    7.809|
opcode_i<0>    |d_o<6>         |    7.774|
opcode_i<0>    |d_o<7>         |    8.118|
opcode_i<1>    |d_o<0>         |    8.368|
opcode_i<1>    |d_o<1>         |    8.024|
opcode_i<1>    |d_o<2>         |    8.776|
opcode_i<1>    |d_o<3>         |    8.776|
opcode_i<1>    |d_o<4>         |    7.786|
opcode_i<1>    |d_o<5>         |    7.713|
opcode_i<1>    |d_o<6>         |    7.979|
opcode_i<1>    |d_o<7>         |    8.022|
---------------+---------------+---------+


Analysis completed Thu Jun 16 15:56:33 2022 
--------------------------------------------------------------------------------

Trace Settings:
-------------------------
Trace Settings 

Peak Memory Usage: 4470 MB



